[1, 1] => Rental Record for Steve
	Star Wars	3.0
Amount owed is 3.0
You earned 1 frequent renter points 
[1, 2] => Rental Record for Steve
	Star Wars	6.0
Amount owed is 6.0
You earned 2 frequent renter points 
[1, 3] => Rental Record for Steve
	Star Wars	9.0
Amount owed is 9.0
You earned 2 frequent renter points 
[1, 4] => Rental Record for Steve
	Star Wars	12.0
Amount owed is 12.0
You earned 2 frequent renter points 
[0, 1] => Rental Record for Steve
	Star Wars	2.0
Amount owed is 2.0
You earned 1 frequent renter points 
[0, 2] => Rental Record for Steve
	Star Wars	2.0
Amount owed is 2.0
You earned 1 frequent renter points 
[0, 3] => Rental Record for Steve
	Star Wars	3.5
Amount owed is 3.5
You earned 1 frequent renter points 
[0, 4] => Rental Record for Steve
	Star Wars	5.0
Amount owed is 5.0
You earned 1 frequent renter points 
[2, 1] => Rental Record for Steve
	Star Wars	1.5
Amount owed is 1.5
You earned 1 frequent renter points 
[2, 2] => Rental Record for Steve
	Star Wars	1.5
Amount owed is 1.5
You earned 1 frequent renter points 
[2, 3] => Rental Record for Steve
	Star Wars	1.5
Amount owed is 1.5
You earned 1 frequent renter points 
[2, 4] => Rental Record for Steve
	Star Wars	3.0
Amount owed is 3.0
You earned 1 frequent renter points 
